// Jest Snapshot v1, https://goo.gl/fbAQLP

exports[`description 1`] = `
Array [
  Object {
    "Exception": "",
    "Friday": Object {
      "closes": "18:00:00",
      "open24h": "False",
      "opens": "10:00:00",
      "weekday_id": 5,
    },
    "Monday": Object {
      "closes": "18:00:00",
      "open24h": "False",
      "opens": "10:00:00",
      "weekday_id": 1,
    },
    "Saturday": Object {
      "closes": "17:00:00",
      "open24h": "False",
      "opens": "10:00:00",
      "weekday_id": 6,
    },
    "Sunday": Object {
      "closes": "None",
      "open24h": "False",
      "opens": "None",
      "weekday_id": 7,
    },
    "Thursday": Object {
      "closes": "18:00:00",
      "open24h": "False",
      "opens": "10:00:00",
      "weekday_id": 4,
    },
    "Tuesday": Object {
      "closes": "18:00:00",
      "open24h": "False",
      "opens": "10:00:00",
      "weekday_id": 2,
    },
    "Wednesday": Object {
      "closes": "18:00:00",
      "open24h": "False",
      "opens": "10:00:00",
      "weekday_id": 3,
    },
    "category": "Shopping",
    "description_body": "Jalokiviseppä ja ateljee, myös koruaiheisia näyttelyitä.",
    "description_intro": "",
    "extra_info": "https://www.alexandertillander.fi/",
    "id": "653",
    "image_url": "https://edit.myhelsinki.fi/sites/default/files/styles/api_1980x1020/public/2017-10/14657520_1627162420917017_2082522418259513419_n.jpg?h=1555b8b2&itok=cv8nhamq",
    "lat": 60.168922424316406,
    "locality": "Helsinki",
    "lon": 24.94364356994629,
    "name": "A. Tillander",
    "postal_code": "00100",
    "street_address": "Aleksanterinkatu 17",
    "tags": "SHOPPING, Jewellery, ",
  },
  Object {
    "Exception": "",
    "Friday": Object {
      "closes": "18:00:00",
      "open24h": "False",
      "opens": "10:00:00",
      "weekday_id": 5,
    },
    "Monday": Object {
      "closes": "18:00:00",
      "open24h": "False",
      "opens": "10:00:00",
      "weekday_id": 1,
    },
    "Saturday": Object {
      "closes": "17:00:00",
      "open24h": "False",
      "opens": "10:00:00",
      "weekday_id": 6,
    },
    "Sunday": Object {
      "closes": "None",
      "open24h": "False",
      "opens": "None",
      "weekday_id": 7,
    },
    "Thursday": Object {
      "closes": "18:00:00",
      "open24h": "False",
      "opens": "10:00:00",
      "weekday_id": 4,
    },
    "Tuesday": Object {
      "closes": "18:00:00",
      "open24h": "False",
      "opens": "10:00:00",
      "weekday_id": 2,
    },
    "Wednesday": Object {
      "closes": "18:00:00",
      "open24h": "False",
      "opens": "10:00:00",
      "weekday_id": 3,
    },
    "category": "Shopping",
    "description_body": "Jalokiviseppä ja ateljee, myös koruaiheisia näyttelyitä.",
    "description_intro": "",
    "extra_info": "https://www.alexandertillander.fi/",
    "id": "234",
    "image_url": "https://edit.myhelsinki.fi/sites/default/files/styles/api_1980x1020/public/2017-10/14657520_1627162420917017_2082522418259513419_n.jpg?h=1555b8b2&itok=cv8nhamq",
    "lat": 60.168922424316406,
    "locality": "Helsinki",
    "lon": 24.94364356994629,
    "name": "Tillander",
    "postal_code": "00200",
    "street_address": "Aleksanterinkatu 19",
    "tags": "SHOPPING",
  },
]
`;
